Archive member included to satisfy reference by file (symbol)

c:/st/stm32cubeide_1.1.0/stm32cubeide/plugins/com.st.stm32cube.ide.mcu.externaltools.gnu-tools-for-stm32.7-2018-q2-update.win32_1.0.0.201904181610/tools/bin/../lib/gcc/arm-none-eabi/7.3.1/../../../../arm-none-eabi/lib/thumb/v7e-m/fpv4-sp/hard\libc_nano.a(lib_a-errno.o)
                              Core/Src/syscalls.o (__errno)
c:/st/stm32cubeide_1.1.0/stm32cubeide/plugins/com.st.stm32cube.ide.mcu.externaltools.gnu-tools-for-stm32.7-2018-q2-update.win32_1.0.0.201904181610/tools/bin/../lib/gcc/arm-none-eabi/7.3.1/../../../../arm-none-eabi/lib/thumb/v7e-m/fpv4-sp/hard\libc_nano.a(lib_a-exit.o)
                              c:/st/stm32cubeide_1.1.0/stm32cubeide/plugins/com.st.stm32cube.ide.mcu.externaltools.gnu-tools-for-stm32.7-2018-q2-update.win32_1.0.0.201904181610/tools/bin/../lib/gcc/arm-none-eabi/7.3.1/../../../../arm-none-eabi/lib/thumb/v7e-m/fpv4-sp/hard/crt0.o (exit)
c:/st/stm32cubeide_1.1.0/stm32cubeide/plugins/com.st.stm32cube.ide.mcu.externaltools.gnu-tools-for-stm32.7-2018-q2-update.win32_1.0.0.201904181610/tools/bin/../lib/gcc/arm-none-eabi/7.3.1/../../../../arm-none-eabi/lib/thumb/v7e-m/fpv4-sp/hard\libc_nano.a(lib_a-impure.o)
                              c:/st/stm32cubeide_1.1.0/stm32cubeide/plugins/com.st.stm32cube.ide.mcu.externaltools.gnu-tools-for-stm32.7-2018-q2-update.win32_1.0.0.201904181610/tools/bin/../lib/gcc/arm-none-eabi/7.3.1/../../../../arm-none-eabi/lib/thumb/v7e-m/fpv4-sp/hard\libc_nano.a(lib_a-exit.o) (_global_impure_ptr)
c:/st/stm32cubeide_1.1.0/stm32cubeide/plugins/com.st.stm32cube.ide.mcu.externaltools.gnu-tools-for-stm32.7-2018-q2-update.win32_1.0.0.201904181610/tools/bin/../lib/gcc/arm-none-eabi/7.3.1/../../../../arm-none-eabi/lib/thumb/v7e-m/fpv4-sp/hard\libc_nano.a(lib_a-init.o)
                              c:/st/stm32cubeide_1.1.0/stm32cubeide/plugins/com.st.stm32cube.ide.mcu.externaltools.gnu-tools-for-stm32.7-2018-q2-update.win32_1.0.0.201904181610/tools/bin/../lib/gcc/arm-none-eabi/7.3.1/../../../../arm-none-eabi/lib/thumb/v7e-m/fpv4-sp/hard/crt0.o (__libc_init_array)
c:/st/stm32cubeide_1.1.0/stm32cubeide/plugins/com.st.stm32cube.ide.mcu.externaltools.gnu-tools-for-stm32.7-2018-q2-update.win32_1.0.0.201904181610/tools/bin/../lib/gcc/arm-none-eabi/7.3.1/../../../../arm-none-eabi/lib/thumb/v7e-m/fpv4-sp/hard\libc_nano.a(lib_a-memset.o)
                              c:/st/stm32cubeide_1.1.0/stm32cubeide/plugins/com.st.stm32cube.ide.mcu.externaltools.gnu-tools-for-stm32.7-2018-q2-update.win32_1.0.0.201904181610/tools/bin/../lib/gcc/arm-none-eabi/7.3.1/../../../../arm-none-eabi/lib/thumb/v7e-m/fpv4-sp/hard/crt0.o (memset)
c:/st/stm32cubeide_1.1.0/stm32cubeide/plugins/com.st.stm32cube.ide.mcu.externaltools.gnu-tools-for-stm32.7-2018-q2-update.win32_1.0.0.201904181610/tools/bin/../lib/gcc/arm-none-eabi/7.3.1/thumb/v7e-m/fpv4-sp/hard\libgcc.a(_aeabi_uldivmod.o)
                              Drivers/STM32L4xx_HAL_Driver/Src/stm32l4xx_hal_uart.o (__aeabi_uldivmod)
c:/st/stm32cubeide_1.1.0/stm32cubeide/plugins/com.st.stm32cube.ide.mcu.externaltools.gnu-tools-for-stm32.7-2018-q2-update.win32_1.0.0.201904181610/tools/bin/../lib/gcc/arm-none-eabi/7.3.1/thumb/v7e-m/fpv4-sp/hard\libgcc.a(_udivmoddi4.o)
                              c:/st/stm32cubeide_1.1.0/stm32cubeide/plugins/com.st.stm32cube.ide.mcu.externaltools.gnu-tools-for-stm32.7-2018-q2-update.win32_1.0.0.201904181610/tools/bin/../lib/gcc/arm-none-eabi/7.3.1/thumb/v7e-m/fpv4-sp/hard\libgcc.a(_aeabi_uldivmod.o) (__udivmoddi4)
c:/st/stm32cubeide_1.1.0/stm32cubeide/plugins/com.st.stm32cube.ide.mcu.externaltools.gnu-tools-for-stm32.7-2018-q2-update.win32_1.0.0.201904181610/tools/bin/../lib/gcc/arm-none-eabi/7.3.1/thumb/v7e-m/fpv4-sp/hard\libgcc.a(_dvmd_tls.o)
                              c:/st/stm32cubeide_1.1.0/stm32cubeide/plugins/com.st.stm32cube.ide.mcu.externaltools.gnu-tools-for-stm32.7-2018-q2-update.win32_1.0.0.201904181610/tools/bin/../lib/gcc/arm-none-eabi/7.3.1/thumb/v7e-m/fpv4-sp/hard\libgcc.a(_aeabi_uldivmod.o) (__aeabi_ldiv0)

Allocating common symbols
Common symbol       size              file

uwTick              0x4               Drivers/STM32L4xx_HAL_Driver/Src/stm32l4xx_hal.o
huart2              0x80              Core/Src/usart.o

Discarded input sections

 .text          0x0000000000000000        0x0 c:/st/stm32cubeide_1.1.0/stm32cubeide/plugins/com.st.stm32cube.ide.mcu.externaltools.gnu-tools-for-stm32.7-2018-q2-update.win32_1.0.0.201904181610/tools/bin/../lib/gcc/arm-none-eabi/7.3.1/thumb/v7e-m/fpv4-sp/hard/crti.o
 .data          0x0000000000000000        0x0 c:/st/stm32cubeide_1.1.0/stm32cubeide/plugins/com.st.stm32cube.ide.mcu.externaltools.gnu-tools-for-stm32.7-2018-q2-update.win32_1.0.0.201904181610/tools/bin/../lib/gcc/arm-none-eabi/7.3.1/thumb/v7e-m/fpv4-sp/hard/crti.o
[...]
Memory Configuration

Name             Origin             Length             Attributes
RAM              0x0000000020000000 0x0000000000018000 xrw
RAM2             0x0000000010000000 0x0000000000008000 xrw
FLASH            0x0000000008000000 0x0000000000100000 xr
*default*        0x0000000000000000 0xffffffffffffffff

Linker script and memory map

LOAD c:/st/stm32cubeide_1.1.0/stm32cubeide/plugins/com.st.stm32cube.ide.mcu.externaltools.gnu-tools-for-stm32.7-2018-q2-update.win32_1.0.0.201904181610/tools/bin/../lib/gcc/arm-none-eabi/7.3.1/thumb/v7e-m/fpv4-sp/hard/crti.o
LOAD c:/st/stm32cubeide_1.1.0/stm32cubeide/plugins/com.st.stm32cube.ide.mcu.externaltools.gnu-tools-for-stm32.7-2018-q2-update.win32_1.0.0.201904181610/tools/bin/../lib/gcc/arm-none-eabi/7.3.1/thumb/v7e-m/fpv4-sp/hard/crtbegin.o
LOAD c:/st/stm32cubeide_1.1.0/stm32cubeide/plugins/com.st.stm32cube.ide.mcu.externaltools.gnu-tools-for-stm32.7-2018-q2-update.win32_1.0.0.201904181610/tools/bin/../lib/gcc/arm-none-eabi/7.3.1/../../../../arm-none-eabi/lib/thumb/v7e-m/fpv4-sp/hard/crt0.o
LOAD Core/Src/gpio.o
LOAD Core/Src/main.o
LOAD Core/Src/pingpong.o
LOAD Core/Src/pingpong_functions.o
LOAD Core/Src/stm32l4xx_hal_msp.o
LOAD Core/Src/stm32l4xx_it.o
LOAD Core/Src/sys.o
LOAD Core/Src/syscalls.o
LOAD Core/Src/sysmem.o
LOAD Core/Src/system_stm32l4xx.o
LOAD Core/Src/test.o
LOAD Core/Src/usart.o
LOAD Core/Startup/startup_stm32l476rgtx.o
LOAD Drivers/STM32L4xx_HAL_Driver/Src/stm32l4xx_hal.o
LOAD Drivers/STM32L4xx_HAL_Driver/Src/stm32l4xx_hal_cortex.o
LOAD Drivers/STM32L4xx_HAL_Driver/Src/stm32l4xx_hal_dma.o
LOAD Drivers/STM32L4xx_HAL_Driver/Src/stm32l4xx_hal_dma_ex.o
LOAD Drivers/STM32L4xx_HAL_Driver/Src/stm32l4xx_hal_exti.o
LOAD Drivers/STM32L4xx_HAL_Driver/Src/stm32l4xx_hal_flash.o
LOAD Drivers/STM32L4xx_HAL_Driver/Src/stm32l4xx_hal_flash_ex.o
LOAD Drivers/STM32L4xx_HAL_Driver/Src/stm32l4xx_hal_flash_ramfunc.o
LOAD Drivers/STM32L4xx_HAL_Driver/Src/stm32l4xx_hal_gpio.o
LOAD Drivers/STM32L4xx_HAL_Driver/Src/stm32l4xx_hal_i2c.o
LOAD Drivers/STM32L4xx_HAL_Driver/Src/stm32l4xx_hal_i2c_ex.o
LOAD Drivers/STM32L4xx_HAL_Driver/Src/stm32l4xx_hal_pwr.o
LOAD Drivers/STM32L4xx_HAL_Driver/Src/stm32l4xx_hal_pwr_ex.o
LOAD Drivers/STM32L4xx_HAL_Driver/Src/stm32l4xx_hal_rcc.o
LOAD Drivers/STM32L4xx_HAL_Driver/Src/stm32l4xx_hal_rcc_ex.o
LOAD Drivers/STM32L4xx_HAL_Driver/Src/stm32l4xx_hal_tim.o
LOAD Drivers/STM32L4xx_HAL_Driver/Src/stm32l4xx_hal_tim_ex.o
LOAD Drivers/STM32L4xx_HAL_Driver/Src/stm32l4xx_hal_uart.o
LOAD Drivers/STM32L4xx_HAL_Driver/Src/stm32l4xx_hal_uart_ex.o
START GROUP
LOAD c:/st/stm32cubeide_1.1.0/stm32cubeide/plugins/com.st.stm32cube.ide.mcu.externaltools.gnu-tools-for-stm32.7-2018-q2-update.win32_1.0.0.201904181610/tools/bin/../lib/gcc/arm-none-eabi/7.3.1/../../../../arm-none-eabi/lib/thumb/v7e-m/fpv4-sp/hard\libc_nano.a
LOAD c:/st/stm32cubeide_1.1.0/stm32cubeide/plugins/com.st.stm32cube.ide.mcu.externaltools.gnu-tools-for-stm32.7-2018-q2-update.win32_1.0.0.201904181610/tools/bin/../lib/gcc/arm-none-eabi/7.3.1/../../../../arm-none-eabi/lib/thumb/v7e-m/fpv4-sp/hard\libm.a
END GROUP
START GROUP
LOAD c:/st/stm32cubeide_1.1.0/stm32cubeide/plugins/com.st.stm32cube.ide.mcu.externaltools.gnu-tools-for-stm32.7-2018-q2-update.win32_1.0.0.201904181610/tools/bin/../lib/gcc/arm-none-eabi/7.3.1/thumb/v7e-m/fpv4-sp/hard\libgcc.a
LOAD c:/st/stm32cubeide_1.1.0/stm32cubeide/plugins/com.st.stm32cube.ide.mcu.externaltools.gnu-tools-for-stm32.7-2018-q2-update.win32_1.0.0.201904181610/tools/bin/../lib/gcc/arm-none-eabi/7.3.1/../../../../arm-none-eabi/lib/thumb/v7e-m/fpv4-sp/hard\libc_nano.a
END GROUP
START GROUP
LOAD c:/st/stm32cubeide_1.1.0/stm32cubeide/plugins/com.st.stm32cube.ide.mcu.externaltools.gnu-tools-for-stm32.7-2018-q2-update.win32_1.0.0.201904181610/tools/bin/../lib/gcc/arm-none-eabi/7.3.1/thumb/v7e-m/fpv4-sp/hard\libgcc.a
LOAD c:/st/stm32cubeide_1.1.0/stm32cubeide/plugins/com.st.stm32cube.ide.mcu.externaltools.gnu-tools-for-stm32.7-2018-q2-update.win32_1.0.0.201904181610/tools/bin/../lib/gcc/arm-none-eabi/7.3.1/../../../../arm-none-eabi/lib/thumb/v7e-m/fpv4-sp/hard\libc_nano.a
LOAD c:/st/stm32cubeide_1.1.0/stm32cubeide/plugins/com.st.stm32cube.ide.mcu.externaltools.gnu-tools-for-stm32.7-2018-q2-update.win32_1.0.0.201904181610/tools/bin/../lib/gcc/arm-none-eabi/7.3.1/../../../../arm-none-eabi/lib/thumb/v7e-m/fpv4-sp/hard\libnosys.a
END GROUP
START GROUP
LOAD c:/st/stm32cubeide_1.1.0/stm32cubeide/plugins/com.st.stm32cube.ide.mcu.externaltools.gnu-tools-for-stm32.7-2018-q2-update.win32_1.0.0.201904181610/tools/bin/../lib/gcc/arm-none-eabi/7.3.1/thumb/v7e-m/fpv4-sp/hard\libgcc.a
LOAD c:/st/stm32cubeide_1.1.0/stm32cubeide/plugins/com.st.stm32cube.ide.mcu.externaltools.gnu-tools-for-stm32.7-2018-q2-update.win32_1.0.0.201904181610/tools/bin/../lib/gcc/arm-none-eabi/7.3.1/../../../../arm-none-eabi/lib/thumb/v7e-m/fpv4-sp/hard\libc_nano.a
LOAD c:/st/stm32cubeide_1.1.0/stm32cubeide/plugins/com.st.stm32cube.ide.mcu.externaltools.gnu-tools-for-stm32.7-2018-q2-update.win32_1.0.0.201904181610/tools/bin/../lib/gcc/arm-none-eabi/7.3.1/../../../../arm-none-eabi/lib/thumb/v7e-m/fpv4-sp/hard\libnosys.a
END GROUP
LOAD c:/st/stm32cubeide_1.1.0/stm32cubeide/plugins/com.st.stm32cube.ide.mcu.externaltools.gnu-tools-for-stm32.7-2018-q2-update.win32_1.0.0.201904181610/tools/bin/../lib/gcc/arm-none-eabi/7.3.1/thumb/v7e-m/fpv4-sp/hard/crtend.o
LOAD c:/st/stm32cubeide_1.1.0/stm32cubeide/plugins/com.st.stm32cube.ide.mcu.externaltools.gnu-tools-for-stm32.7-2018-q2-update.win32_1.0.0.201904181610/tools/bin/../lib/gcc/arm-none-eabi/7.3.1/thumb/v7e-m/fpv4-sp/hard/crtn.o
                0x0000000020018000                _estack = (ORIGIN (RAM) + LENGTH (RAM))
                0x0000000000000200                _Min_Heap_Size = 0x200
                0x0000000000000400                _Min_Stack_Size = 0x400

.isr_vector     0x0000000008000000      0x188
                0x0000000008000000                . = ALIGN (0x4)
 *(.isr_vector)
 .isr_vector    0x0000000008000000      0x188 Core/Startup/startup_stm32l476rgtx.o
                0x0000000008000000                g_pfnVectors
                0x0000000008000188                . = ALIGN (0x4)

.text           0x0000000008000188     0x307c
                0x0000000008000188                . = ALIGN (0x4)
 *(.text)
 .text          0x0000000008000188       0x40 c:/st/stm32cubeide_1.1.0/stm32cubeide/plugins/com.st.stm32cube.ide.mcu.externaltools.gnu-tools-for-stm32.7-2018-q2-update.win32_1.0.0.201904181610/tools/bin/../lib/gcc/arm-none-eabi/7.3.1/thumb/v7e-m/fpv4-sp/hard/crtbegin.o
 .text          0x00000000080001c8       0x30 c:/st/stm32cubeide_1.1.0/stm32cubeide/plugins/com.st.stm32cube.ide.mcu.externaltools.gnu-tools-for-stm32.7-2018-q2-update.win32_1.0.0.201904181610/tools/bin/../lib/gcc/arm-none-eabi/7.3.1/thumb/v7e-m/fpv4-sp/hard\libgcc.a(_aeabi_uldivmod.o)
                0x00000000080001c8                __aeabi_uldivmod
 .text          0x00000000080001f8      0x2cc c:/st/stm32cubeide_1.1.0/stm32cubeide/plugins/com.st.stm32cube.ide.mcu.externaltools.gnu-tools-for-stm32.7-2018-q2-update.win32_1.0.0.201904181610/tools/bin/../lib/gcc/arm-none-eabi/7.3.1/thumb/v7e-m/fpv4-sp/hard\libgcc.a(_udivmoddi4.o)
                0x00000000080001f8                __udivmoddi4
 .text          0x00000000080004c4        0x4 c:/st/stm32cubeide_1.1.0/stm32cubeide/plugins/com.st.stm32cube.ide.mcu.externaltools.gnu-tools-for-stm32.7-2018-q2-update.win32_1.0.0.201904181610/tools/bin/../lib/gcc/arm-none-eabi/7.3.1/thumb/v7e-m/fpv4-sp/hard\libgcc.a(_dvmd_tls.o)
                0x00000000080004c4                __aeabi_idiv0
                0x00000000080004c4                __aeabi_ldiv0
 *(.text*)
 .text.MX_GPIO_Init
                0x00000000080004c8      0x15c Core/Src/gpio.o
                0x00000000080004c8                MX_GPIO_Init
 .text.main     0x0000000008000624       0x1a Core/Src/main.o
                0x0000000008000624                main
 .text.SystemClock_Config
                0x000000000800063e       0xea Core/Src/main.o
                0x000000000800063e                SystemClock_Config
 .text.Error_Handler
                0x0000000008000728        0xe Core/Src/main.o
                0x0000000008000728                Error_Handler
 *fill*         0x0000000008000736        0x2 
 .text.Set_led  0x0000000008000738       0xa8 Core/Src/pingpong_functions.o
                0x0000000008000738                Set_led
 .text.Reset_led
                0x00000000080007e0       0xa8 Core/Src/pingpong_functions.o
                0x00000000080007e0                Reset_led
 .text.Set_leds
                0x0000000008000888       0x28 Core/Src/pingpong_functions.o
                0x0000000008000888                Set_leds
 .text.Reset_leds
                0x00000000080008b0       0x28 Core/Src/pingpong_functions.o
                0x00000000080008b0                Reset_leds
 .text.Game_indication
                0x00000000080008d8       0x38 Core/Src/pingpong_functions.o
                0x00000000080008d8                Game_indication
 .text.Duel_over
                0x0000000008000910       0x78 Core/Src/pingpong_functions.o
                0x0000000008000910                Duel_over
 .text.HAL_MspInit
                0x0000000008000988       0x48 Core/Src/stm32l4xx_hal_msp.o
                0x0000000008000988                HAL_MspInit
 .text.NMI_Handler
                0x00000000080009d0        0xe Core/Src/stm32l4xx_it.o
                0x00000000080009d0                NMI_Handler
 .text.HardFault_Handler
                0x00000000080009de        0x6 Core/Src/stm32l4xx_it.o
                0x00000000080009de                HardFault_Handler
 .text.MemManage_Handler
                0x00000000080009e4        0x6 Core/Src/stm32l4xx_it.o
                0x00000000080009e4                MemManage_Handler
 .text.BusFault_Handler
                0x00000000080009ea        0x6 Core/Src/stm32l4xx_it.o
                0x00000000080009ea                BusFault_Handler
 .text.UsageFault_Handler
                0x00000000080009f0        0x6 Core/Src/stm32l4xx_it.o
                0x00000000080009f0                UsageFault_Handler
 .text.SVC_Handler
                0x00000000080009f6        0xe Core/Src/stm32l4xx_it.o
                0x00000000080009f6                SVC_Handler
 .text.DebugMon_Handler
                0x0000000008000a04        0xe Core/Src/stm32l4xx_it.o
                0x0000000008000a04                DebugMon_Handler
 .text.PendSV_Handler
                0x0000000008000a12        0xe Core/Src/stm32l4xx_it.o
                0x0000000008000a12                PendSV_Handler
 .text.SysTick_Handler
                0x0000000008000a20        0xc Core/Src/stm32l4xx_it.o
                0x0000000008000a20                SysTick_Handler
 .text.SystemInit
                0x0000000008000a2c       0x6c Core/Src/system_stm32l4xx.o
                0x0000000008000a2c                SystemInit
 .text.Test_program
                0x0000000008000a98        0xc Core/Src/test.o
                0x0000000008000a98                Test_program
 .text.Test_duel_over
                0x0000000008000aa4       0x1c Core/Src/test.o
                0x0000000008000aa4                Test_duel_over
 .text.MX_USART2_UART_Init
                0x0000000008000ac0       0x60 Core/Src/usart.o
                0x0000000008000ac0                MX_USART2_UART_Init
 .text.HAL_UART_MspInit
                0x0000000008000b20       0x84 Core/Src/usart.o
                0x0000000008000b20                HAL_UART_MspInit
 .text.Reset_Handler
                0x0000000008000ba4       0x50 Core/Startup/startup_stm32l476rgtx.o
                0x0000000008000ba4                Reset_Handler
 .text.Default_Handler
                0x0000000008000bf4        0x2 Core/Startup/startup_stm32l476rgtx.o
                0x0000000008000bf4                RTC_Alarm_IRQHandler
                0x0000000008000bf4                EXTI2_IRQHandler
                0x0000000008000bf4                TIM8_TRG_COM_IRQHandler
                0x0000000008000bf4                TIM8_CC_IRQHandler
                0x0000000008000bf4                TIM1_CC_IRQHandler
                0x0000000008000bf4                TSC_IRQHandler
                0x0000000008000bf4                TAMP_STAMP_IRQHandler
                0x0000000008000bf4                EXTI3_IRQHandler
                0x0000000008000bf4                LPTIM2_IRQHandler
                0x0000000008000bf4                DFSDM1_FLT1_IRQHandler
                0x0000000008000bf4                I2C3_ER_IRQHandler
                0x0000000008000bf4                DFSDM1_FLT2_IRQHandler
                0x0000000008000bf4                EXTI0_IRQHandler
                0x0000000008000bf4                I2C2_EV_IRQHandler
                0x0000000008000bf4                CAN1_RX0_IRQHandler
                0x0000000008000bf4                FPU_IRQHandler
                0x0000000008000bf4                TIM1_UP_TIM16_IRQHandler
                0x0000000008000bf4                ADC1_2_IRQHandler
                0x0000000008000bf4                SPI1_IRQHandler
                0x0000000008000bf4                TIM6_DAC_IRQHandler
                0x0000000008000bf4                TIM8_UP_IRQHandler
                0x0000000008000bf4                DMA2_Channel2_IRQHandler
                0x0000000008000bf4                DMA1_Channel4_IRQHandler
                0x0000000008000bf4                SAI2_IRQHandler
                0x0000000008000bf4                DFSDM1_FLT3_IRQHandler
                0x0000000008000bf4                USART3_IRQHandler
                0x0000000008000bf4                DMA1_Channel7_IRQHandler
                0x0000000008000bf4                CAN1_RX1_IRQHandler
                0x0000000008000bf4                LCD_IRQHandler
                0x0000000008000bf4                UART5_IRQHandler
                0x0000000008000bf4                ADC3_IRQHandler
                0x0000000008000bf4                TIM4_IRQHandler
                0x0000000008000bf4                DMA2_Channel1_IRQHandler
                0x0000000008000bf4                QUADSPI_IRQHandler
                0x0000000008000bf4                I2C1_EV_IRQHandler
                0x0000000008000bf4                DMA1_Channel6_IRQHandler
                0x0000000008000bf4                UART4_IRQHandler
                0x0000000008000bf4                DMA2_Channel4_IRQHandler
                0x0000000008000bf4                TIM3_IRQHandler
                0x0000000008000bf4                RCC_IRQHandler
                0x0000000008000bf4                DMA1_Channel1_IRQHandler
                0x0000000008000bf4                Default_Handler
                0x0000000008000bf4                DMA2_Channel7_IRQHandler
                0x0000000008000bf4                EXTI15_10_IRQHandler
                0x0000000008000bf4                TIM7_IRQHandler
                0x0000000008000bf4                SDMMC1_IRQHandler
                0x0000000008000bf4                TIM5_IRQHandler
                0x0000000008000bf4                I2C3_EV_IRQHandler
                0x0000000008000bf4                EXTI9_5_IRQHandler
                0x0000000008000bf4                RTC_WKUP_IRQHandler
                0x0000000008000bf4                PVD_PVM_IRQHandler
                0x0000000008000bf4                SPI2_IRQHandler
                0x0000000008000bf4                CAN1_TX_IRQHandler
                0x0000000008000bf4                DMA2_Channel5_IRQHandler
                0x0000000008000bf4                DMA1_Channel5_IRQHandler
                0x0000000008000bf4                EXTI4_IRQHandler
                0x0000000008000bf4                RNG_IRQHandler
                0x0000000008000bf4                TIM1_TRG_COM_TIM17_IRQHandler
                0x0000000008000bf4                DMA1_Channel3_IRQHandler
                0x0000000008000bf4                COMP_IRQHandler
                0x0000000008000bf4                WWDG_IRQHandler
                0x0000000008000bf4                LPUART1_IRQHandler
                0x0000000008000bf4                DMA2_Channel6_IRQHandler
                0x0000000008000bf4                TIM2_IRQHandler
                0x0000000008000bf4                EXTI1_IRQHandler
                0x0000000008000bf4                USART2_IRQHandler
                0x0000000008000bf4                DFSDM1_FLT0_IRQHandler
                0x0000000008000bf4                I2C2_ER_IRQHandler
                0x0000000008000bf4                DMA1_Channel2_IRQHandler
                0x0000000008000bf4                TIM8_BRK_IRQHandler
                0x0000000008000bf4                CAN1_SCE_IRQHandler
                0x0000000008000bf4                FLASH_IRQHandler
                0x0000000008000bf4                USART1_IRQHandler
                0x0000000008000bf4                OTG_FS_IRQHandler
                0x0000000008000bf4                SPI3_IRQHandler
                0x0000000008000bf4                I2C1_ER_IRQHandler
                0x0000000008000bf4                FMC_IRQHandler
                0x0000000008000bf4                SWPMI1_IRQHandler
                0x0000000008000bf4                LPTIM1_IRQHandler
                0x0000000008000bf4                SAI1_IRQHandler
                0x0000000008000bf4                DMA2_Channel3_IRQHandler
                0x0000000008000bf4                TIM1_BRK_TIM15_IRQHandler
 *fill*         0x0000000008000bf6        0x2 
 .text.HAL_Init
                0x0000000008000bf8       0x40 Drivers/STM32L4xx_HAL_Driver/Src/stm32l4xx_hal.o
                0x0000000008000bf8                HAL_Init
 .text.HAL_InitTick
                0x0000000008000c38       0x74 Drivers/STM32L4xx_HAL_Driver/Src/stm32l4xx_hal.o
                0x0000000008000c38                HAL_InitTick
 .text.HAL_IncTick
                0x0000000008000cac       0x24 Drivers/STM32L4xx_HAL_Driver/Src/stm32l4xx_hal.o
                0x0000000008000cac                HAL_IncTick
 .text.HAL_GetTick
                0x0000000008000cd0       0x18 Drivers/STM32L4xx_HAL_Driver/Src/stm32l4xx_hal.o
                0x0000000008000cd0                HAL_GetTick
 .text.HAL_Delay
                0x0000000008000ce8       0x44 Drivers/STM32L4xx_HAL_Driver/Src/stm32l4xx_hal.o
                0x0000000008000ce8                HAL_Delay
 .text.__NVIC_SetPriorityGrouping
                0x0000000008000d2c       0x48 Drivers/STM32L4xx_HAL_Driver/Src/stm32l4xx_hal_cortex.o
 .text.__NVIC_GetPriorityGrouping
                0x0000000008000d74       0x1c Drivers/STM32L4xx_HAL_Driver/Src/stm32l4xx_hal_cortex.o
 .text.__NVIC_SetPriority
                0x0000000008000d90       0x54 Drivers/STM32L4xx_HAL_Driver/Src/stm32l4xx_hal_cortex.o
 .text.NVIC_EncodePriority
                0x0000000008000de4       0x66 Drivers/STM32L4xx_HAL_Driver/Src/stm32l4xx_hal_cortex.o
 *fill*         0x0000000008000e4a        0x2 
 .text.SysTick_Config
                0x0000000008000e4c       0x44 Drivers/STM32L4xx_HAL_Driver/Src/stm32l4xx_hal_cortex.o
 .text.HAL_NVIC_SetPriorityGrouping
                0x0000000008000e90       0x16 Drivers/STM32L4xx_HAL_Driver/Src/stm32l4xx_hal_cortex.o
                0x0000000008000e90                HAL_NVIC_SetPriorityGrouping
 .text.HAL_NVIC_SetPriority
                0x0000000008000ea6       0x38 Drivers/STM32L4xx_HAL_Driver/Src/stm32l4xx_hal_cortex.o
                0x0000000008000ea6                HAL_NVIC_SetPriority
 .text.HAL_SYSTICK_Config
                0x0000000008000ede       0x18 Drivers/STM32L4xx_HAL_Driver/Src/stm32l4xx_hal_cortex.o
                0x0000000008000ede                HAL_SYSTICK_Config
 *fill*         0x0000000008000ef6        0x2 
 .text.HAL_GPIO_Init
                0x0000000008000ef8      0x350 Drivers/STM32L4xx_HAL_Driver/Src/stm32l4xx_hal_gpio.o
                0x0000000008000ef8                HAL_GPIO_Init
 .text.HAL_GPIO_WritePin
                0x0000000008001248       0x30 Drivers/STM32L4xx_HAL_Driver/Src/stm32l4xx_hal_gpio.o
                0x0000000008001248                HAL_GPIO_WritePin
 .text.HAL_PWREx_GetVoltageRange
                0x0000000008001278       0x1c Drivers/STM32L4xx_HAL_Driver/Src/stm32l4xx_hal_pwr_ex.o
                0x0000000008001278                HAL_PWREx_GetVoltageRange
 .text.HAL_PWREx_ControlVoltageScaling
                0x0000000008001294       0xac Drivers/STM32L4xx_HAL_Driver/Src/stm32l4xx_hal_pwr_ex.o
                0x0000000008001294                HAL_PWREx_ControlVoltageScaling
 .text.HAL_RCC_OscConfig
                0x0000000008001340      0x760 Drivers/STM32L4xx_HAL_Driver/Src/stm32l4xx_hal_rcc.o
                0x0000000008001340                HAL_RCC_OscConfig
 .text.HAL_RCC_ClockConfig
                0x0000000008001aa0      0x1c4 Drivers/STM32L4xx_HAL_Driver/Src/stm32l4xx_hal_rcc.o
                0x0000000008001aa0                HAL_RCC_ClockConfig
 .text.HAL_RCC_GetSysClockFreq
                0x0000000008001c64      0x114 Drivers/STM32L4xx_HAL_Driver/Src/stm32l4xx_hal_rcc.o
                0x0000000008001c64                HAL_RCC_GetSysClockFreq
 .text.HAL_RCC_GetHCLKFreq
                0x0000000008001d78       0x18 Drivers/STM32L4xx_HAL_Driver/Src/stm32l4xx_hal_rcc.o
                0x0000000008001d78                HAL_RCC_GetHCLKFreq
 .text.HAL_RCC_GetPCLK1Freq
                0x0000000008001d90       0x2c Drivers/STM32L4xx_HAL_Driver/Src/stm32l4xx_hal_rcc.o
                0x0000000008001d90                HAL_RCC_GetPCLK1Freq
 .text.HAL_RCC_GetPCLK2Freq
                0x0000000008001dbc       0x2c Drivers/STM32L4xx_HAL_Driver/Src/stm32l4xx_hal_rcc.o
                0x0000000008001dbc                HAL_RCC_GetPCLK2Freq
 .text.RCC_SetFlashLatencyFromMSIRange
                0x0000000008001de8       0xc0 Drivers/STM32L4xx_HAL_Driver/Src/stm32l4xx_hal_rcc.o
 .text.HAL_RCCEx_PeriphCLKConfig
                0x0000000008001ea8      0x5cc Drivers/STM32L4xx_HAL_Driver/Src/stm32l4xx_hal_rcc_ex.o
                0x0000000008001ea8                HAL_RCCEx_PeriphCLKConfig
 .text.RCCEx_PLLSAI1_Config
                0x0000000008002474      0x1e0 Drivers/STM32L4xx_HAL_Driver/Src/stm32l4xx_hal_rcc_ex.o
 .text.RCCEx_PLLSAI2_Config
                0x0000000008002654      0x1b4 Drivers/STM32L4xx_HAL_Driver/Src/stm32l4xx_hal_rcc_ex.o
 .text.HAL_UART_Init
                0x0000000008002808       0x9c Drivers/STM32L4xx_HAL_Driver/Src/stm32l4xx_hal_uart.o
                0x0000000008002808                HAL_UART_Init
 .text.UART_SetConfig
                0x00000000080028a4      0x690 Drivers/STM32L4xx_HAL_Driver/Src/stm32l4xx_hal_uart.o
                0x00000000080028a4                UART_SetConfig
 .text.UART_AdvFeatureConfig
                0x0000000008002f34      0x144 Drivers/STM32L4xx_HAL_Driver/Src/stm32l4xx_hal_uart.o
                0x0000000008002f34                UART_AdvFeatureConfig
 .text.UART_CheckIdleState
                0x0000000008003078       0x8a Drivers/STM32L4xx_HAL_Driver/Src/stm32l4xx_hal_uart.o
                0x0000000008003078                UART_CheckIdleState
 .text.UART_WaitOnFlagUntilTimeout
                0x0000000008003102       0x90 Drivers/STM32L4xx_HAL_Driver/Src/stm32l4xx_hal_uart.o
                0x0000000008003102                UART_WaitOnFlagUntilTimeout
 *fill*         0x0000000008003192        0x2 
 .text.__libc_init_array
                0x0000000008003194       0x48 c:/st/stm32cubeide_1.1.0/stm32cubeide/plugins/com.st.stm32cube.ide.mcu.externaltools.gnu-tools-for-stm32.7-2018-q2-update.win32_1.0.0.201904181610/tools/bin/../lib/gcc/arm-none-eabi/7.3.1/../../../../arm-none-eabi/lib/thumb/v7e-m/fpv4-sp/hard\libc_nano.a(lib_a-init.o)
                0x0000000008003194                __libc_init_array
 .text.memset   0x00000000080031dc       0x10 c:/st/stm32cubeide_1.1.0/stm32cubeide/plugins/com.st.stm32cube.ide.mcu.externaltools.gnu-tools-for-stm32.7-2018-q2-update.win32_1.0.0.201904181610/tools/bin/../lib/gcc/arm-none-eabi/7.3.1/../../../../arm-none-eabi/lib/thumb/v7e-m/fpv4-sp/hard\libc_nano.a(lib_a-memset.o)
                0x00000000080031dc                memset
 *(.glue_7)
 .glue_7        0x00000000080031ec        0x0 linker stubs
 *(.glue_7t)
 .glue_7t       0x00000000080031ec        0x0 linker stubs
 *(.eh_frame)
 .eh_frame      0x00000000080031ec        0x0 c:/st/stm32cubeide_1.1.0/stm32cubeide/plugins/com.st.stm32cube.ide.mcu.externaltools.gnu-tools-for-stm32.7-2018-q2-update.win32_1.0.0.201904181610/tools/bin/../lib/gcc/arm-none-eabi/7.3.1/thumb/v7e-m/fpv4-sp/hard/crtbegin.o
 *(.init)
 .init          0x00000000080031ec        0x4 c:/st/stm32cubeide_1.1.0/stm32cubeide/plugins/com.st.stm32cube.ide.mcu.externaltools.gnu-tools-for-stm32.7-2018-q2-update.win32_1.0.0.201904181610/tools/bin/../lib/gcc/arm-none-eabi/7.3.1/thumb/v7e-m/fpv4-sp/hard/crti.o
                0x00000000080031ec                _init
 .init          0x00000000080031f0        0x8 c:/st/stm32cubeide_1.1.0/stm32cubeide/plugins/com.st.stm32cube.ide.mcu.externaltools.gnu-tools-for-stm32.7-2018-q2-update.win32_1.0.0.201904181610/tools/bin/../lib/gcc/arm-none-eabi/7.3.1/thumb/v7e-m/fpv4-sp/hard/crtn.o
 *(.fini)
 .fini          0x00000000080031f8        0x4 c:/st/stm32cubeide_1.1.0/stm32cubeide/plugins/com.st.stm32cube.ide.mcu.externaltools.gnu-tools-for-stm32.7-2018-q2-update.win32_1.0.0.201904181610/tools/bin/../lib/gcc/arm-none-eabi/7.3.1/thumb/v7e-m/fpv4-sp/hard/crti.o
                0x00000000080031f8                _fini
 .fini          0x00000000080031fc        0x8 c:/st/stm32cubeide_1.1.0/stm32cubeide/plugins/com.st.stm32cube.ide.mcu.externaltools.gnu-tools-for-stm32.7-2018-q2-update.win32_1.0.0.201904181610/tools/bin/../lib/gcc/arm-none-eabi/7.3.1/thumb/v7e-m/fpv4-sp/hard/crtn.o
                0x0000000008003204                . = ALIGN (0x4)
                0x0000000008003204                _etext = .

.vfp11_veneer   0x0000000008003204        0x0
 .vfp11_veneer  0x0000000008003204        0x0 linker stubs

.v4_bx          0x0000000008003204        0x0
 .v4_bx         0x0000000008003204        0x0 linker stubs

.iplt           0x0000000008003204        0x0
 .iplt          0x0000000008003204        0x0 c:/st/stm32cubeide_1.1.0/stm32cubeide/plugins/com.st.stm32cube.ide.mcu.externaltools.gnu-tools-for-stm32.7-2018-q2-update.win32_1.0.0.201904181610/tools/bin/../lib/gcc/arm-none-eabi/7.3.1/thumb/v7e-m/fpv4-sp/hard/crtbegin.o

.rodata         0x0000000008003204       0x48
                0x0000000008003204                . = ALIGN (0x4)
 *(.rodata)
 *(.rodata*)
 .rodata.AHBPrescTable
                0x0000000008003204       0x10 Core/Src/system_stm32l4xx.o
                0x0000000008003204                AHBPrescTable
 .rodata.APBPrescTable
                0x0000000008003214        0x8 Core/Src/system_stm32l4xx.o
                0x0000000008003214                APBPrescTable
 .rodata.MSIRangeTable
                0x000000000800321c       0x30 Core/Src/system_stm32l4xx.o
                0x000000000800321c                MSIRangeTable
                0x000000000800324c                . = ALIGN (0x4)

.ARM.extab      0x000000000800324c        0x0
                0x000000000800324c                . = ALIGN (0x4)
 *(.ARM.extab* .gnu.linkonce.armextab.*)
                0x000000000800324c                . = ALIGN (0x4)

.ARM            0x000000000800324c        0x8
                0x000000000800324c                . = ALIGN (0x4)
                0x000000000800324c                __exidx_start = .
 *(.ARM.exidx*)
 .ARM.exidx     0x000000000800324c        0x8 c:/st/stm32cubeide_1.1.0/stm32cubeide/plugins/com.st.stm32cube.ide.mcu.externaltools.gnu-tools-for-stm32.7-2018-q2-update.win32_1.0.0.201904181610/tools/bin/../lib/gcc/arm-none-eabi/7.3.1/thumb/v7e-m/fpv4-sp/hard\libgcc.a(_udivmoddi4.o)
                0x0000000008003254                __exidx_end = .
                0x0000000008003254                . = ALIGN (0x4)

.rel.dyn        0x0000000008003254        0x0
 .rel.iplt      0x0000000008003254        0x0 c:/st/stm32cubeide_1.1.0/stm32cubeide/plugins/com.st.stm32cube.ide.mcu.externaltools.gnu-tools-for-stm32.7-2018-q2-update.win32_1.0.0.201904181610/tools/bin/../lib/gcc/arm-none-eabi/7.3.1/thumb/v7e-m/fpv4-sp/hard/crtbegin.o

.preinit_array  0x0000000008003254        0x0
                0x0000000008003254                . = ALIGN (0x4)
                0x0000000008003254                PROVIDE (__preinit_array_start = .)
 *(.preinit_array*)
                0x0000000008003254                PROVIDE (__preinit_array_end = .)
                0x0000000008003254                . = ALIGN (0x4)

.init_array     0x0000000008003254        0x4
                0x0000000008003254                . = ALIGN (0x4)
                0x0000000008003254                PROVIDE (__init_array_start = .)
 *(SORT_BY_NAME(.init_array.*))
 *(.init_array*)
 .init_array    0x0000000008003254        0x4 c:/st/stm32cubeide_1.1.0/stm32cubeide/plugins/com.st.stm32cube.ide.mcu.externaltools.gnu-tools-for-stm32.7-2018-q2-update.win32_1.0.0.201904181610/tools/bin/../lib/gcc/arm-none-eabi/7.3.1/thumb/v7e-m/fpv4-sp/hard/crtbegin.o
                0x0000000008003258                PROVIDE (__init_array_end = .)
                0x0000000008003258                . = ALIGN (0x4)

.fini_array     0x0000000008003258        0x4
                0x0000000008003258                . = ALIGN (0x4)
                [!provide]                        PROVIDE (__fini_array_start = .)
 *(SORT_BY_NAME(.fini_array.*))
 *(.fini_array*)
 .fini_array    0x0000000008003258        0x4 c:/st/stm32cubeide_1.1.0/stm32cubeide/plugins/com.st.stm32cube.ide.mcu.externaltools.gnu-tools-for-stm32.7-2018-q2-update.win32_1.0.0.201904181610/tools/bin/../lib/gcc/arm-none-eabi/7.3.1/thumb/v7e-m/fpv4-sp/hard/crtbegin.o
                [!provide]                        PROVIDE (__fini_array_end = .)
                0x000000000800325c                . = ALIGN (0x4)
                0x000000000800325c                _sidata = LOADADDR (.data)

.data           0x0000000020000000        0xc load address 0x000000000800325c
                0x0000000020000000                . = ALIGN (0x4)
                0x0000000020000000                _sdata = .
 *(.data)
 *(.data*)
 .data.SystemCoreClock
                0x0000000020000000        0x4 Core/Src/system_stm32l4xx.o
                0x0000000020000000                SystemCoreClock
 .data.uwTickPrio
                0x0000000020000004        0x4 Drivers/STM32L4xx_HAL_Driver/Src/stm32l4xx_hal.o
                0x0000000020000004                uwTickPrio
 .data.uwTickFreq
                0x0000000020000008        0x4 Drivers/STM32L4xx_HAL_Driver/Src/stm32l4xx_hal.o
                0x0000000020000008                uwTickFreq
                0x000000002000000c                . = ALIGN (0x4)
                0x000000002000000c                _edata = .

.igot.plt       0x000000002000000c        0x0 load address 0x0000000008003268
 .igot.plt      0x000000002000000c        0x0 c:/st/stm32cubeide_1.1.0/stm32cubeide/plugins/com.st.stm32cube.ide.mcu.externaltools.gnu-tools-for-stm32.7-2018-q2-update.win32_1.0.0.201904181610/tools/bin/../lib/gcc/arm-none-eabi/7.3.1/thumb/v7e-m/fpv4-sp/hard/crtbegin.o
                0x000000002000000c                . = ALIGN (0x4)

.bss            0x000000002000000c       0xa0 load address 0x0000000008003268
                0x000000002000000c                _sbss = .
                0x000000002000000c                __bss_start__ = _sbss
 *(.bss)
 .bss           0x000000002000000c       0x1c c:/st/stm32cubeide_1.1.0/stm32cubeide/plugins/com.st.stm32cube.ide.mcu.externaltools.gnu-tools-for-stm32.7-2018-q2-update.win32_1.0.0.201904181610/tools/bin/../lib/gcc/arm-none-eabi/7.3.1/thumb/v7e-m/fpv4-sp/hard/crtbegin.o
 *(.bss*)
 *(COMMON)
 COMMON         0x0000000020000028       0x80 Core/Src/usart.o
                0x0000000020000028                huart2
 COMMON         0x00000000200000a8        0x4 Drivers/STM32L4xx_HAL_Driver/Src/stm32l4xx_hal.o
                0x00000000200000a8                uwTick
                0x00000000200000ac                . = ALIGN (0x4)
                0x00000000200000ac                _ebss = .
                0x00000000200000ac                __bss_end__ = _ebss

._user_heap_stack
                0x00000000200000ac      0x604 load address 0x0000000008003268
                0x00000000200000b0                . = ALIGN (0x8)
 *fill*         0x00000000200000ac        0x4 
                0x00000000200000b0                PROVIDE (end = .)
                [!provide]                        PROVIDE (_end = .)
                0x00000000200002b0                . = (. + _Min_Heap_Size)
 *fill*         0x00000000200000b0      0x200 
                0x00000000200006b0                . = (. + _Min_Stack_Size)
 *fill*         0x00000000200002b0      0x400 
                0x00000000200006b0                . = ALIGN (0x8)

/DISCARD/
 libc.a(*)
 libm.a(*)
 libgcc.a(*)

.ARM.attributes
                0x0000000000000000       0x30
 *(.ARM.attributes)
 .ARM.attributes
                0x0000000000000000       0x22 c:/st/stm32cubeide_1.1.0/stm32cubeide/plugins/com.st.stm32cube.ide.mcu.externaltools.gnu-tools-for-stm32.7-2018-q2-update.win32_1.0.0.201904181610/tools/bin/../lib/gcc/arm-none-eabi/7.3.1/thumb/v7e-m/fpv4-sp/hard/crti.o
 .ARM.attributes
                0x0000000000000022       0x34 c:/st/stm32cubeide_1.1.0/stm32cubeide/plugins/com.st.stm32cube.ide.mcu.externaltools.gnu-tools-for-stm32.7-2018-q2-update.win32_1.0.0.201904181610/tools/bin/../lib/gcc/arm-none-eabi/7.3.1/thumb/v7e-m/fpv4-sp/hard/crtbegin.o
 .ARM.attributes
                0x0000000000000056       0x39 Core/Src/gpio.o
 .ARM.attributes
                0x000000000000008f       0x39 Core/Src/main.o
 .ARM.attributes
                0x00000000000000c8       0x39 Core/Src/pingpong_functions.o
 .ARM.attributes
                0x0000000000000101       0x39 Core/Src/stm32l4xx_hal_msp.o
 .ARM.attributes
                0x000000000000013a       0x39 Core/Src/stm32l4xx_it.o
 .ARM.attributes
                0x0000000000000173       0x39 Core/Src/system_stm32l4xx.o
 .ARM.attributes
                0x00000000000001ac       0x39 Core/Src/test.o
 .ARM.attributes
                0x00000000000001e5       0x39 Core/Src/usart.o
 .ARM.attributes
                0x000000000000021e       0x21 Core/Startup/startup_stm32l476rgtx.o
 .ARM.attributes
                0x000000000000023f       0x39 Drivers/STM32L4xx_HAL_Driver/Src/stm32l4xx_hal.o
 .ARM.attributes
                0x0000000000000278       0x39 Drivers/STM32L4xx_HAL_Driver/Src/stm32l4xx_hal_cortex.o
 .ARM.attributes
                0x00000000000002b1       0x39 Drivers/STM32L4xx_HAL_Driver/Src/stm32l4xx_hal_gpio.o
 .ARM.attributes
                0x00000000000002ea       0x39 Drivers/STM32L4xx_HAL_Driver/Src/stm32l4xx_hal_pwr_ex.o
 .ARM.attributes
                0x0000000000000323       0x39 Drivers/STM32L4xx_HAL_Driver/Src/stm32l4xx_hal_rcc.o
 .ARM.attributes
                0x000000000000035c       0x39 Drivers/STM32L4xx_HAL_Driver/Src/stm32l4xx_hal_rcc_ex.o
 .ARM.attributes
                0x0000000000000395       0x39 Drivers/STM32L4xx_HAL_Driver/Src/stm32l4xx_hal_uart.o
 .ARM.attributes
                0x00000000000003ce       0x34 c:/st/stm32cubeide_1.1.0/stm32cubeide/plugins/com.st.stm32cube.ide.mcu.externaltools.gnu-tools-for-stm32.7-2018-q2-update.win32_1.0.0.201904181610/tools/bin/../lib/gcc/arm-none-eabi/7.3.1/../../../../arm-none-eabi/lib/thumb/v7e-m/fpv4-sp/hard\libc_nano.a(lib_a-init.o)
 .ARM.attributes
                0x0000000000000402       0x34 c:/st/stm32cubeide_1.1.0/stm32cubeide/plugins/com.st.stm32cube.ide.mcu.externaltools.gnu-tools-for-stm32.7-2018-q2-update.win32_1.0.0.201904181610/tools/bin/../lib/gcc/arm-none-eabi/7.3.1/../../../../arm-none-eabi/lib/thumb/v7e-m/fpv4-sp/hard\libc_nano.a(lib_a-memset.o)
 .ARM.attributes
                0x0000000000000436       0x22 c:/st/stm32cubeide_1.1.0/stm32cubeide/plugins/com.st.stm32cube.ide.mcu.externaltools.gnu-tools-for-stm32.7-2018-q2-update.win32_1.0.0.201904181610/tools/bin/../lib/gcc/arm-none-eabi/7.3.1/thumb/v7e-m/fpv4-sp/hard\libgcc.a(_aeabi_uldivmod.o)
 .ARM.attributes
                0x0000000000000458       0x34 c:/st/stm32cubeide_1.1.0/stm32cubeide/plugins/com.st.stm32cube.ide.mcu.externaltools.gnu-tools-for-stm32.7-2018-q2-update.win32_1.0.0.201904181610/tools/bin/../lib/gcc/arm-none-eabi/7.3.1/thumb/v7e-m/fpv4-sp/hard\libgcc.a(_udivmoddi4.o)
 .ARM.attributes
                0x000000000000048c       0x22 c:/st/stm32cubeide_1.1.0/stm32cubeide/plugins/com.st.stm32cube.ide.mcu.externaltools.gnu-tools-for-stm32.7-2018-q2-update.win32_1.0.0.201904181610/tools/bin/../lib/gcc/arm-none-eabi/7.3.1/thumb/v7e-m/fpv4-sp/hard\libgcc.a(_dvmd_tls.o)
 .ARM.attributes
                0x00000000000004ae       0x22 c:/st/stm32cubeide_1.1.0/stm32cubeide/plugins/com.st.stm32cube.ide.mcu.externaltools.gnu-tools-for-stm32.7-2018-q2-update.win32_1.0.0.201904181610/tools/bin/../lib/gcc/arm-none-eabi/7.3.1/thumb/v7e-m/fpv4-sp/hard/crtn.o
OUTPUT(Pingpong.elf elf32-littlearm)

.debug_info     0x0000000000000000     0x98b7
 .debug_info    0x0000000000000000      0x648 Core/Src/gpio.o
 .debug_info    0x0000000000000648      0xb66 Core/Src/main.o
 .debug_info    0x00000000000011ae      0x51e Core/Src/pingpong_functions.o
 .debug_info    0x00000000000016cc      0x4c8 Core/Src/stm32l4xx_hal_msp.o
 .debug_info    0x0000000000001b94      0x318 Core/Src/stm32l4xx_it.o
 .debug_info    0x0000000000001eac      0x6f6 Core/Src/system_stm32l4xx.o
 .debug_info    0x00000000000025a2      0x36f Core/Src/test.o
 .debug_info    0x0000000000002911      0xb7a Core/Src/usart.o
 .debug_info    0x000000000000348b       0x22 Core/Startup/startup_stm32l476rgtx.o
 .debug_info    0x00000000000034ad      0xcee Drivers/STM32L4xx_HAL_Driver/Src/stm32l4xx_hal.o
 .debug_info    0x000000000000419b      0xf3c Drivers/STM32L4xx_HAL_Driver/Src/stm32l4xx_hal_cortex.o
 .debug_info    0x00000000000050d7      0x982 Drivers/STM32L4xx_HAL_Driver/Src/stm32l4xx_hal_gpio.o
 .debug_info    0x0000000000005a59      0xada Drivers/STM32L4xx_HAL_Driver/Src/stm32l4xx_hal_pwr_ex.o
 .debug_info    0x0000000000006533      0xcfe Drivers/STM32L4xx_HAL_Driver/Src/stm32l4xx_hal_rcc.o
 .debug_info    0x0000000000007231      0xf10 Drivers/STM32L4xx_HAL_Driver/Src/stm32l4xx_hal_rcc_ex.o
 .debug_info    0x0000000000008141     0x1776 Drivers/STM32L4xx_HAL_Driver/Src/stm32l4xx_hal_uart.o

.debug_abbrev   0x0000000000000000     0x1934
 .debug_abbrev  0x0000000000000000      0x134 Core/Src/gpio.o
 .debug_abbrev  0x0000000000000134      0x183 Core/Src/main.o
 .debug_abbrev  0x00000000000002b7      0x177 Core/Src/pingpong_functions.o
 .debug_abbrev  0x000000000000042e      0x125 Core/Src/stm32l4xx_hal_msp.o
 .debug_abbrev  0x0000000000000553       0xe2 Core/Src/stm32l4xx_it.o
 .debug_abbrev  0x0000000000000635      0x150 Core/Src/system_stm32l4xx.o
 .debug_abbrev  0x0000000000000785      0x102 Core/Src/test.o
 .debug_abbrev  0x0000000000000887      0x199 Core/Src/usart.o
 .debug_abbrev  0x0000000000000a20       0x12 Core/Startup/startup_stm32l476rgtx.o
 .debug_abbrev  0x0000000000000a32      0x1fb Drivers/STM32L4xx_HAL_Driver/Src/stm32l4xx_hal.o
 .debug_abbrev  0x0000000000000c2d      0x2fa Drivers/STM32L4xx_HAL_Driver/Src/stm32l4xx_hal_cortex.o
 .debug_abbrev  0x0000000000000f27      0x1c0 Drivers/STM32L4xx_HAL_Driver/Src/stm32l4xx_hal_gpio.o
 .debug_abbrev  0x00000000000010e7      0x1cb Drivers/STM32L4xx_HAL_Driver/Src/stm32l4xx_hal_pwr_ex.o
 .debug_abbrev  0x00000000000012b2      0x245 Drivers/STM32L4xx_HAL_Driver/Src/stm32l4xx_hal_rcc.o
 .debug_abbrev  0x00000000000014f7      0x238 Drivers/STM32L4xx_HAL_Driver/Src/stm32l4xx_hal_rcc_ex.o
 .debug_abbrev  0x000000000000172f      0x205 Drivers/STM32L4xx_HAL_Driver/Src/stm32l4xx_hal_uart.o

.debug_aranges  0x0000000000000000      0x948
 .debug_aranges
                0x0000000000000000       0x20 Core/Src/gpio.o
 .debug_aranges
                0x0000000000000020       0x30 Core/Src/main.o
 .debug_aranges
                0x0000000000000050       0x68 Core/Src/pingpong_functions.o
 .debug_aranges
                0x00000000000000b8       0x20 Core/Src/stm32l4xx_hal_msp.o
 .debug_aranges
                0x00000000000000d8       0x60 Core/Src/stm32l4xx_it.o
 .debug_aranges
                0x0000000000000138       0x28 Core/Src/system_stm32l4xx.o
 .debug_aranges
                0x0000000000000160       0x68 Core/Src/test.o
 .debug_aranges
                0x00000000000001c8       0x30 Core/Src/usart.o
 .debug_aranges
                0x00000000000001f8       0x28 Core/Startup/startup_stm32l476rgtx.o
 .debug_aranges
                0x0000000000000220      0x130 Drivers/STM32L4xx_HAL_Driver/Src/stm32l4xx_hal.o
 .debug_aranges
                0x0000000000000350      0x118 Drivers/STM32L4xx_HAL_Driver/Src/stm32l4xx_hal_cortex.o
 .debug_aranges
                0x0000000000000468       0x58 Drivers/STM32L4xx_HAL_Driver/Src/stm32l4xx_hal_gpio.o
 .debug_aranges
                0x00000000000004c0      0x148 Drivers/STM32L4xx_HAL_Driver/Src/stm32l4xx_hal_pwr_ex.o
 .debug_aranges
                0x0000000000000608       0x88 Drivers/STM32L4xx_HAL_Driver/Src/stm32l4xx_hal_rcc.o
 .debug_aranges
                0x0000000000000690       0xc0 Drivers/STM32L4xx_HAL_Driver/Src/stm32l4xx_hal_rcc_ex.o
 .debug_aranges
                0x0000000000000750      0x1f8 Drivers/STM32L4xx_HAL_Driver/Src/stm32l4xx_hal_uart.o

.debug_ranges   0x0000000000000000      0x850
 .debug_ranges  0x0000000000000000       0x10 Core/Src/gpio.o
 .debug_ranges  0x0000000000000010       0x20 Core/Src/main.o
 .debug_ranges  0x0000000000000030       0x58 Core/Src/pingpong_functions.o
 .debug_ranges  0x0000000000000088       0x10 Core/Src/stm32l4xx_hal_msp.o
 .debug_ranges  0x0000000000000098       0x50 Core/Src/stm32l4xx_it.o
 .debug_ranges  0x00000000000000e8       0x18 Core/Src/system_stm32l4xx.o
 .debug_ranges  0x0000000000000100       0x58 Core/Src/test.o
 .debug_ranges  0x0000000000000158       0x20 Core/Src/usart.o
 .debug_ranges  0x0000000000000178       0x20 Core/Startup/startup_stm32l476rgtx.o
 .debug_ranges  0x0000000000000198      0x120 Drivers/STM32L4xx_HAL_Driver/Src/stm32l4xx_hal.o
 .debug_ranges  0x00000000000002b8      0x108 Drivers/STM32L4xx_HAL_Driver/Src/stm32l4xx_hal_cortex.o
 .debug_ranges  0x00000000000003c0       0x48 Drivers/STM32L4xx_HAL_Driver/Src/stm32l4xx_hal_gpio.o
 .debug_ranges  0x0000000000000408      0x138 Drivers/STM32L4xx_HAL_Driver/Src/stm32l4xx_hal_pwr_ex.o
 .debug_ranges  0x0000000000000540       0x78 Drivers/STM32L4xx_HAL_Driver/Src/stm32l4xx_hal_rcc.o
 .debug_ranges  0x00000000000005b8       0xb0 Drivers/STM32L4xx_HAL_Driver/Src/stm32l4xx_hal_rcc_ex.o
 .debug_ranges  0x0000000000000668      0x1e8 Drivers/STM32L4xx_HAL_Driver/Src/stm32l4xx_hal_uart.o

.debug_macro    0x0000000000000000    0x25645
 .debug_macro   0x0000000000000000      0x1ee Core/Src/gpio.o
 .debug_macro   0x00000000000001ee      0xa5a Core/Src/gpio.o
 .debug_macro   0x0000000000000c48       0xba Core/Src/gpio.o
 .debug_macro   0x0000000000000d02       0x2e Core/Src/gpio.o
 .debug_macro   0x0000000000000d30       0x28 Core/Src/gpio.o
 .debug_macro   0x0000000000000d58       0x22 Core/Src/gpio.o
 .debug_macro   0x0000000000000d7a       0x8e Core/Src/gpio.o
 .debug_macro   0x0000000000000e08       0x51 Core/Src/gpio.o
 .debug_macro   0x0000000000000e59       0xef Core/Src/gpio.o
 .debug_macro   0x0000000000000f48       0x6a Core/Src/gpio.o
 .debug_macro   0x0000000000000fb2      0x1df Core/Src/gpio.o
 .debug_macro   0x0000000000001191       0x1c Core/Src/gpio.o
 .debug_macro   0x00000000000011ad       0x22 Core/Src/gpio.o
 .debug_macro   0x00000000000011cf       0xdf Core/Src/gpio.o
 .debug_macro   0x00000000000012ae     0x102d Core/Src/gpio.o
 .debug_macro   0x00000000000022db      0x11f Core/Src/gpio.o
 .debug_macro   0x00000000000023fa    0x1a11f Core/Src/gpio.o
 .debug_macro   0x000000000001c519       0x43 Core/Src/gpio.o
 .debug_macro   0x000000000001c55c     0x3820 Core/Src/gpio.o
 .debug_macro   0x000000000001fd7c      0x174 Core/Src/gpio.o
 .debug_macro   0x000000000001fef0       0x5a Core/Src/gpio.o
 .debug_macro   0x000000000001ff4a     0x155f Core/Src/gpio.o
 .debug_macro   0x00000000000214a9      0x59e Core/Src/gpio.o
 .debug_macro   0x0000000000021a47      0x241 Core/Src/gpio.o
 .debug_macro   0x0000000000021c88      0x13d Core/Src/gpio.o
 .debug_macro   0x0000000000021dc5      0x18b Core/Src/gpio.o
 .debug_macro   0x0000000000021f50      0x26b Core/Src/gpio.o
 .debug_macro   0x00000000000221bb      0x236 Core/Src/gpio.o
 .debug_macro   0x00000000000223f1      0x36e Core/Src/gpio.o
 .debug_macro   0x000000000002275f       0xe4 Core/Src/gpio.o
 .debug_macro   0x0000000000022843      0x22c Core/Src/gpio.o
 .debug_macro   0x0000000000022a6f       0x5e Core/Src/gpio.o
 .debug_macro   0x0000000000022acd       0xa5 Core/Src/gpio.o
 .debug_macro   0x0000000000022b72      0x122 Core/Src/gpio.o
 .debug_macro   0x0000000000022c94      0x3d4 Core/Src/gpio.o
 .debug_macro   0x0000000000023068      0x57b Core/Src/gpio.o
 .debug_macro   0x00000000000235e3       0x44 Core/Src/gpio.o
 .debug_macro   0x0000000000023627      0x349 Core/Src/gpio.o
 .debug_macro   0x0000000000023970       0xd0 Core/Src/gpio.o
 .debug_macro   0x0000000000023a40      0x21f Core/Src/main.o
 .debug_macro   0x0000000000023c5f       0x22 Core/Src/main.o
 .debug_macro   0x0000000000023c81      0x1f7 Core/Src/pingpong_functions.o
 .debug_macro   0x0000000000023e78      0x1e4 Core/Src/stm32l4xx_hal_msp.o
 .debug_macro   0x000000000002405c      0x1ee Core/Src/stm32l4xx_it.o
 .debug_macro   0x000000000002424a      0x1db Core/Src/system_stm32l4xx.o
 .debug_macro   0x0000000000024425      0x20b Core/Src/test.o
 .debug_macro   0x0000000000024630      0x1ee Core/Src/usart.o
 .debug_macro   0x000000000002481e      0x223 Drivers/STM32L4xx_HAL_Driver/Src/stm32l4xx_hal.o
 .debug_macro   0x0000000000024a41      0x1d5 Drivers/STM32L4xx_HAL_Driver/Src/stm32l4xx_hal_cortex.o
 .debug_macro   0x0000000000024c16      0x214 Drivers/STM32L4xx_HAL_Driver/Src/stm32l4xx_hal_gpio.o
 .debug_macro   0x0000000000024e2a      0x1f9 Drivers/STM32L4xx_HAL_Driver/Src/stm32l4xx_hal_pwr_ex.o
 .debug_macro   0x0000000000025023      0x217 Drivers/STM32L4xx_HAL_Driver/Src/stm32l4xx_hal_rcc.o
 .debug_macro   0x000000000002523a      0x20b Drivers/STM32L4xx_HAL_Driver/Src/stm32l4xx_hal_rcc_ex.o
 .debug_macro   0x0000000000025445      0x200 Drivers/STM32L4xx_HAL_Driver/Src/stm32l4xx_hal_uart.o

.debug_line     0x0000000000000000     0x8b8f
 .debug_line    0x0000000000000000      0x6f9 Core/Src/gpio.o
 .debug_line    0x00000000000006f9      0x74d Core/Src/main.o
 .debug_line    0x0000000000000e46      0x95c Core/Src/pingpong_functions.o
 .debug_line    0x00000000000017a2      0x6dc Core/Src/stm32l4xx_hal_msp.o
 .debug_line    0x0000000000001e7e      0x780 Core/Src/stm32l4xx_it.o
 .debug_line    0x00000000000025fe      0x707 Core/Src/system_stm32l4xx.o
 .debug_line    0x0000000000002d05      0x829 Core/Src/test.o
 .debug_line    0x000000000000352e      0x712 Core/Src/usart.o
 .debug_line    0x0000000000003c40       0x85 Core/Startup/startup_stm32l476rgtx.o
 .debug_line    0x0000000000003cc5      0x97b Drivers/STM32L4xx_HAL_Driver/Src/stm32l4xx_hal.o
 .debug_line    0x0000000000004640      0xa05 Drivers/STM32L4xx_HAL_Driver/Src/stm32l4xx_hal_cortex.o
 .debug_line    0x0000000000005045      0x89a Drivers/STM32L4xx_HAL_Driver/Src/stm32l4xx_hal_gpio.o
 .debug_line    0x00000000000058df      0xa78 Drivers/STM32L4xx_HAL_Driver/Src/stm32l4xx_hal_pwr_ex.o
 .debug_line    0x0000000000006357      0x9e1 Drivers/STM32L4xx_HAL_Driver/Src/stm32l4xx_hal_rcc.o
 .debug_line    0x0000000000006d38      0xc62 Drivers/STM32L4xx_HAL_Driver/Src/stm32l4xx_hal_rcc_ex.o
 .debug_line    0x000000000000799a     0x11f5 Drivers/STM32L4xx_HAL_Driver/Src/stm32l4xx_hal_uart.o

.debug_str      0x0000000000000000    0xe4789
 .debug_str     0x0000000000000000    0xe1883 Core/Src/gpio.o
                                      0xe1b42 (size before relaxing)
 .debug_str     0x00000000000e1883      0x7c6 Core/Src/main.o
                                      0xe21b4 (size before relaxing)
 .debug_str     0x00000000000e2049       0xa5 Core/Src/pingpong_functions.o
                                      0xe1a88 (size before relaxing)
 .debug_str     0x00000000000e20ee       0x2c Core/Src/stm32l4xx_hal_msp.o
                                      0xe1aa2 (size before relaxing)
 .debug_str     0x00000000000e211a       0xbd Core/Src/stm32l4xx_it.o
                                      0xe19e3 (size before relaxing)
 .debug_str     0x00000000000e21d7       0xcd Core/Src/system_stm32l4xx.o
                                      0xe1863 (size before relaxing)
 .debug_str     0x00000000000e22a4       0xc3 Core/Src/test.o
                                      0xe1a4c (size before relaxing)
 .debug_str     0x00000000000e2367       0x57 Core/Src/usart.o
                                      0xe1f0a (size before relaxing)
 .debug_str     0x00000000000e23be       0x36 Core/Startup/startup_stm32l476rgtx.o
                                         0x73 (size before relaxing)
 .debug_str     0x00000000000e23f4      0xa59 Drivers/STM32L4xx_HAL_Driver/Src/stm32l4xx_hal.o
                                      0xe23a6 (size before relaxing)
 .debug_str     0x00000000000e2e4d      0x392 Drivers/STM32L4xx_HAL_Driver/Src/stm32l4xx_hal_cortex.o
                                      0xe20b6 (size before relaxing)
 .debug_str     0x00000000000e31df      0x236 Drivers/STM32L4xx_HAL_Driver/Src/stm32l4xx_hal_gpio.o
                                      0xe1ae2 (size before relaxing)
 .debug_str     0x00000000000e3415      0x487 Drivers/STM32L4xx_HAL_Driver/Src/stm32l4xx_hal_pwr_ex.o
                                      0xe1d51 (size before relaxing)
 .debug_str     0x00000000000e389c      0x34e Drivers/STM32L4xx_HAL_Driver/Src/stm32l4xx_hal_rcc.o
                                      0xe1e25 (size before relaxing)
 .debug_str     0x00000000000e3bea      0x3a6 Drivers/STM32L4xx_HAL_Driver/Src/stm32l4xx_hal_rcc_ex.o
                                      0xe1fb6 (size before relaxing)
 .debug_str     0x00000000000e3f90      0x7f9 Drivers/STM32L4xx_HAL_Driver/Src/stm32l4xx_hal_uart.o
                                      0xe23bc (size before relaxing)

.comment        0x0000000000000000       0x7b
 .comment       0x0000000000000000       0x7b Core/Src/gpio.o
                                         0x7c (size before relaxing)
 .comment       0x000000000000007b       0x7c Core/Src/main.o
 .comment       0x000000000000007b       0x7c Core/Src/pingpong_functions.o
 .comment       0x000000000000007b       0x7c Core/Src/stm32l4xx_hal_msp.o
 .comment       0x000000000000007b       0x7c Core/Src/stm32l4xx_it.o
 .comment       0x000000000000007b       0x7c Core/Src/system_stm32l4xx.o
 .comment       0x000000000000007b       0x7c Core/Src/test.o
 .comment       0x000000000000007b       0x7c Core/Src/usart.o
 .comment       0x000000000000007b       0x7c Drivers/STM32L4xx_HAL_Driver/Src/stm32l4xx_hal.o
 .comment       0x000000000000007b       0x7c Drivers/STM32L4xx_HAL_Driver/Src/stm32l4xx_hal_cortex.o
 .comment       0x000000000000007b       0x7c Drivers/STM32L4xx_HAL_Driver/Src/stm32l4xx_hal_gpio.o
 .comment       0x000000000000007b       0x7c Drivers/STM32L4xx_HAL_Driver/Src/stm32l4xx_hal_pwr_ex.o
 .comment       0x000000000000007b       0x7c Drivers/STM32L4xx_HAL_Driver/Src/stm32l4xx_hal_rcc.o
 .comment       0x000000000000007b       0x7c Drivers/STM32L4xx_HAL_Driver/Src/stm32l4xx_hal_rcc_ex.o
 .comment       0x000000000000007b       0x7c Drivers/STM32L4xx_HAL_Driver/Src/stm32l4xx_hal_uart.o

.debug_frame    0x0000000000000000     0x23a0
 .debug_frame   0x0000000000000000       0x34 Core/Src/gpio.o
 .debug_frame   0x0000000000000034       0x74 Core/Src/main.o
 .debug_frame   0x00000000000000a8      0x168 Core/Src/pingpong_functions.o
 .debug_frame   0x0000000000000210       0x38 Core/Src/stm32l4xx_hal_msp.o
 .debug_frame   0x0000000000000248      0x10c Core/Src/stm32l4xx_it.o
 .debug_frame   0x0000000000000354       0x58 Core/Src/system_stm32l4xx.o
 .debug_frame   0x00000000000003ac      0x148 Core/Src/test.o
 .debug_frame   0x00000000000004f4       0x74 Core/Src/usart.o
 .debug_frame   0x0000000000000568      0x498 Drivers/STM32L4xx_HAL_Driver/Src/stm32l4xx_hal.o
 .debug_frame   0x0000000000000a00      0x498 Drivers/STM32L4xx_HAL_Driver/Src/stm32l4xx_hal_cortex.o
 .debug_frame   0x0000000000000e98      0x14c Drivers/STM32L4xx_HAL_Driver/Src/stm32l4xx_hal_gpio.o
 .debug_frame   0x0000000000000fe4      0x524 Drivers/STM32L4xx_HAL_Driver/Src/stm32l4xx_hal_pwr_ex.o
 .debug_frame   0x0000000000001508      0x1f4 Drivers/STM32L4xx_HAL_Driver/Src/stm32l4xx_hal_rcc.o
 .debug_frame   0x00000000000016fc      0x2fc Drivers/STM32L4xx_HAL_Driver/Src/stm32l4xx_hal_rcc_ex.o
 .debug_frame   0x00000000000019f8      0x8fc Drivers/STM32L4xx_HAL_Driver/Src/stm32l4xx_hal_uart.o
 .debug_frame   0x00000000000022f4       0x2c c:/st/stm32cubeide_1.1.0/stm32cubeide/plugins/com.st.stm32cube.ide.mcu.externaltools.gnu-tools-for-stm32.7-2018-q2-update.win32_1.0.0.201904181610/tools/bin/../lib/gcc/arm-none-eabi/7.3.1/../../../../arm-none-eabi/lib/thumb/v7e-m/fpv4-sp/hard\libc_nano.a(lib_a-init.o)
 .debug_frame   0x0000000000002320       0x20 c:/st/stm32cubeide_1.1.0/stm32cubeide/plugins/com.st.stm32cube.ide.mcu.externaltools.gnu-tools-for-stm32.7-2018-q2-update.win32_1.0.0.201904181610/tools/bin/../lib/gcc/arm-none-eabi/7.3.1/../../../../arm-none-eabi/lib/thumb/v7e-m/fpv4-sp/hard\libc_nano.a(lib_a-memset.o)
 .debug_frame   0x0000000000002340       0x2c c:/st/stm32cubeide_1.1.0/stm32cubeide/plugins/com.st.stm32cube.ide.mcu.externaltools.gnu-tools-for-stm32.7-2018-q2-update.win32_1.0.0.201904181610/tools/bin/../lib/gcc/arm-none-eabi/7.3.1/thumb/v7e-m/fpv4-sp/hard\libgcc.a(_aeabi_uldivmod.o)
 .debug_frame   0x000000000000236c       0x34 c:/st/stm32cubeide_1.1.0/stm32cubeide/plugins/com.st.stm32cube.ide.mcu.externaltools.gnu-tools-for-stm32.7-2018-q2-update.win32_1.0.0.201904181610/tools/bin/../lib/gcc/arm-none-eabi/7.3.1/thumb/v7e-m/fpv4-sp/hard\libgcc.a(_udivmoddi4.o)
